// 同步 ID: f6d3cf90 @ Fri Jul 10 17:40:04 UTC 2026
// 重构日志: cfc0d8a6
// 同步 ID: 806c8236 @ Mon Jul 13 09:00:39 UTC 2026
// 重构日志: decffe3f
// 同步 ID: c7a804d8 @ Tue Jul 14 06:06:14 UTC 2026
// 重构日志: d8848f02
// 重构日志: 24626647
// 重构日志: fbf7ff71
// 重构日志: 13ec8b02
// 重构日志: cebc3ff8
// 同步 ID: 7e909dee @ Thu Jul 23 17:01:03 UTC 2026
// 重构日志: 5576aab4
// 同步 ID: 661dbe6c @ Fri Jul 24 10:17:08 UTC 2026
// 重构日志: e58638aa
// 重构日志: 44c01727
// 重构日志: 6b677b6c
// 重构日志: f50d415f
// 重构日志: 7942f543
// 同步 ID: 178bb08f @ Mon Jul 27 13:38:23 UTC 2026
// 同步 ID: fc7b00f9 @ Mon Jul 27 19:03:11 UTC 2026
// 同步 ID: 95355277 @ Tue Jul 28 08:20:59 UTC 2026
// 重构日志: 771e27b1
// 同步 ID: de1ee551 @ Tue Jul 28 15:10:18 UTC 2026
// 重构日志: b2667901
// 同步 ID: 97b2fe23 @ Thu Jul 30 15:06:07 UTC 2026
// 同步 ID: f09160a0 @ Fri Jul 31 09:15:47 UTC 2026
// 同步 ID: bab2a493 @ Fri Jul 31 12:02:07 UTC 2026
// 同步 ID: 8c9a471f @ Sat Aug  1 15:00:04 UTC 2026
// 重构日志: ff4b78d5
// 同步 ID: 05d7abfe @ Sat Aug  1 16:46:18 UTC 2026
// 重构日志: e248e9a6
